Copyright 1986-2022 Xilinx, Inc. All Rights Reserved.
--------------------------------------------------------------------------------------
| Tool Version : Vivado v.2022.2 (win64) Build 3671981 Fri Oct 14 05:00:03 MDT 2022
| Date         : Sat Dec  7 14:08:57 2024
| Host         : zeroDay running 64-bit major release  (build 9200)
| Command      : report_control_sets -verbose -file WinRARTop_control_sets_placed.rpt
| Design       : WinRARTop
| Device       : xc7a100t
--------------------------------------------------------------------------------------

Control Set Information

Table of Contents
-----------------
1. Summary
2. Histogram
3. Flip-Flop Distribution
4. Detailed Control Set Information

1. Summary
----------

+----------------------------------------------------------+-------+
|                          Status                          | Count |
+----------------------------------------------------------+-------+
| Total control sets                                       |    85 |
|    Minimum number of control sets                        |    47 |
|    Addition due to synthesis replication                 |     0 |
|    Addition due to physical synthesis replication        |    38 |
| Unused register locations in slices containing registers |   208 |
+----------------------------------------------------------+-------+
* Control sets can be merged at opt_design using control_set_merge or merge_equivalent_drivers
** Run report_qor_suggestions for automated merging and remapping suggestions


2. Histogram
------------

+--------------------+-------+
|       Fanout       | Count |
+--------------------+-------+
| Total control sets |    85 |
| >= 0 to < 4        |     6 |
| >= 4 to < 6        |     8 |
| >= 6 to < 8        |    13 |
| >= 8 to < 10       |     3 |
| >= 10 to < 12      |     3 |
| >= 12 to < 14      |     1 |
| >= 14 to < 16      |     1 |
| >= 16              |    50 |
+--------------------+-------+
* Control sets can be remapped at either synth_design or opt_design


3. Flip-Flop Distribution
-------------------------

+--------------+-----------------------+------------------------+-----------------+--------------+
| Clock Enable | Synchronous Set/Reset | Asynchronous Set/Reset | Total Registers | Total Slices |
+--------------+-----------------------+------------------------+-----------------+--------------+
| No           | No                    | No                     |            1085 |          316 |
| No           | No                    | Yes                    |               0 |            0 |
| No           | Yes                   | No                     |             923 |          223 |
| Yes          | No                    | No                     |             896 |          192 |
| Yes          | No                    | Yes                    |               0 |            0 |
| Yes          | Yes                   | No                     |             416 |          158 |
+--------------+-----------------------+------------------------+-----------------+--------------+


4. Detailed Control Set Information
-----------------------------------

+---------------------------------------------------------------------+---------------------------------------------------------+-------------------------------------------------------+------------------+----------------+--------------+
|                             Clock Signal                            |                      Enable Signal                      |                    Set/Reset Signal                   | Slice Load Count | Bel Load Count | Bels / Slice |
+---------------------------------------------------------------------+---------------------------------------------------------+-------------------------------------------------------+------------------+----------------+--------------+
|  cpu/fetch_instance/InstrMemAccess_inst/memParse/instrOut_reg[30]_1 |                                                         |                                                       |                1 |              1 |         1.00 |
|  Clk_IBUF_BUFG                                                      | cpu/execute/ALU32BitFast/setup/SHLResInt[5][31]_i_1_n_0 | cpu/rstRegs_reg_n_0_[5][0]                            |                1 |              2 |         2.00 |
|  Clk_IBUF_BUFG                                                      | cpu/execute/ALU32BitFast/setup/SHLResInt[7][31]_i_1_n_0 | cpu/rstRegs_reg_n_0_[5][0]_repN_4                     |                1 |              2 |         2.00 |
|  Clk_IBUF_BUFG                                                      | cpu/execute/ALU32BitFast/setup/SHLResInt[6][31]_i_1_n_0 | cpu/rstRegs_reg_n_0_[5][0]_repN_5                     |                1 |              2 |         2.00 |
|  Clk_IBUF_BUFG                                                      | cpu/execute/ALU32BitFast/setup/SHLResInt[7][31]_i_1_n_0 | cpu/rstRegs_reg_n_0_[5][0]_repN_5                     |                1 |              2 |         2.00 |
|  Clk_IBUF_BUFG                                                      | cpu/execute/ALU32BitFast/setup/SHLResInt[4][31]_i_1_n_0 | cpu/rstRegs_reg_n_0_[5][0]                            |                1 |              2 |         2.00 |
|  Clk_IBUF_BUFG                                                      | cpu/execute/ALU32BitFast/setup/SHLResInt[6][31]_i_1_n_0 | cpu/rstRegs_reg_n_0_[5][0]_repN_4                     |                1 |              4 |         4.00 |
|  Clk_IBUF_BUFG                                                      | cpu/execute/ALU32BitFast/setup/SHLResInt[7][31]_i_1_n_0 | cpu/rstRegs_reg_n_0_[5][0]_repN_3                     |                1 |              4 |         4.00 |
|  Clk_IBUF_BUFG                                                      | cpu/execute/ALU32BitFast/setup/SHLResInt[3][31]_i_1_n_0 | cpu/rstRegs_reg_n_0_[5][0]                            |                2 |              4 |         2.00 |
|  Clk_IBUF_BUFG                                                      |                                                         | resetShiftReg[4]                                      |                2 |              5 |         2.50 |
|  Clk_IBUF_BUFG                                                      | cpu/writeback_instance/WriteRegister_reg[3]_2[0]        | cpu/rstRegs_reg_n_0_[5][0]_repN_1                     |                3 |              5 |         1.67 |
|  Clk_IBUF_BUFG                                                      |                                                         | cpu/execute/ALUOut_reg[7]_1                           |                2 |              5 |         2.50 |
|  Clk_IBUF_BUFG                                                      | cpu/execute/ALU32BitFast/setup/SHLResInt[2][31]_i_1_n_0 | cpu/rstRegs_reg_n_0_[5][0]                            |                1 |              5 |         5.00 |
|  Clk_IBUF_BUFG                                                      | cpu/writeback_instance/WriteRegister_reg[2]_3[0]        | cpu/rstRegs_reg_n_0_[5][0]_repN_1                     |                3 |              5 |         1.67 |
|  Clk_IBUF_BUFG                                                      | cpu/execute/ALU32BitFast/setup/SHLResInt[3][31]_i_1_n_0 | cpu/rstRegs_reg_n_0_[5][0]_repN_5                     |                1 |              6 |         6.00 |
|  Clk_IBUF_BUFG                                                      | cpu/execute/ALU32BitFast/setup/SHLResInt[3][31]_i_1_n_0 | cpu/rstRegs_reg_n_0_[5][0]_repN_4                     |                1 |              6 |         6.00 |
|  Clk_IBUF_BUFG                                                      |                                                         | cpu/memory/datamemory/AccessUnit/AddrOut_reg[12]_0[0] |                5 |              6 |         1.20 |
|  Clk_IBUF_BUFG                                                      |                                                         | cpu/fetch_instance/instrMemAddressReg[7]              |                1 |              6 |         6.00 |
|  Clk_IBUF_BUFG                                                      | cpu/writeback_instance/WriteRegister_reg[3]_5[0]        | cpu/rstRegs_reg_n_0_[5][0]_repN_1                     |                4 |              6 |         1.50 |
|  Clk_IBUF_BUFG                                                      | cpu/execute/ALU32BitFast/setup/SHLResInt[5][31]_i_1_n_0 | cpu/rstRegs_reg_n_0_[5][0]_repN_4                     |                2 |              6 |         3.00 |
|  Clk_IBUF_BUFG                                                      | cpu/execute/ALU32BitFast/setup/SHLResInt[5][31]_i_1_n_0 | cpu/rstRegs_reg_n_0_[5][0]_repN_5                     |                3 |              6 |         2.00 |
|  Clk_IBUF_BUFG                                                      | cpu/execute/ALU32BitFast/setup/SHLResInt[4][31]_i_1_n_0 | cpu/rstRegs_reg_n_0_[5][0]_repN_5                     |                2 |              7 |         3.50 |
|  Clk_IBUF_BUFG                                                      | cpu/execute/ALU32BitFast/setup/SHLResInt[4][31]_i_1_n_0 | cpu/rstRegs_reg_n_0_[5][0]_repN_4                     |                3 |              7 |         2.33 |
|  Clk_IBUF_BUFG                                                      | cpu/execute/ALU32BitFast/setup/SHLResInt[1][31]_i_1_n_0 | cpu/rstRegs_reg_n_0_[5][0]                            |                2 |              7 |         3.50 |
|  Clk_IBUF_BUFG                                                      | cpu/execute/ALU32BitFast/setup/SHLResInt[1][31]_i_1_n_0 | cpu/rstRegs_reg_n_0_[5][0]_repN_4                     |                2 |              7 |         3.50 |
|  Clk_IBUF_BUFG                                                      | cpu/execute/ALU32BitFast/setup/SHLResInt[2][31]_i_1_n_0 | cpu/rstRegs_reg_n_0_[5][0]_repN_5                     |                2 |              7 |         3.50 |
|  Clk_IBUF_BUFG                                                      | cpu/execute/ALU32BitFast/setup/SHLResInt[2][31]_i_1_n_0 | cpu/rstRegs_reg_n_0_[5][0]_repN_4                     |                1 |              7 |         7.00 |
|  Clk_IBUF_BUFG                                                      | cpu/execute/ALU32BitFast/setup/SHLResInt[0][31]_i_1_n_0 | cpu/rstRegs_reg_n_0_[5][0]                            |                2 |              8 |         4.00 |
|  Clk_IBUF_BUFG                                                      | cpu/writeback_instance/WriteRegister_reg[0]_0[0]        | cpu/rstRegs_reg_n_0_[5][0]_repN_1                     |                7 |              9 |         1.29 |
|  Clk_IBUF_BUFG                                                      | cpu/execute/ALU32BitFast/setup/SHLResInt[0][31]_i_1_n_0 | cpu/rstRegs_reg_n_0_[5][0]_repN_4                     |                4 |              9 |         2.25 |
|  Clk_IBUF_BUFG                                                      | cpu/execute/ALU32BitFast/setup/SHLResInt[6][31]_i_1_n_0 | cpu/rstRegs_reg_n_0_[5][0]_repN_3                     |                3 |             10 |         3.33 |
|  Clk_IBUF_BUFG                                                      | cpu/execute/ALU32BitFast/setup/SHLResInt[5][31]_i_1_n_0 | cpu/rstRegs_reg_n_0_[5][0]_repN_3                     |                3 |             10 |         3.33 |
|  Clk_IBUF_BUFG                                                      |                                                         | cpu/memory/datamemory/AccessUnit/AddrOut_reg[6]_0     |                5 |             11 |         2.20 |
|  Clk_IBUF_BUFG                                                      | cpu/execute/ALU32BitFast/setup/SHLResInt[1][31]_i_1_n_0 | cpu/rstRegs_reg_n_0_[5][0]_repN_5                     |                4 |             12 |         3.00 |
|  Clk_IBUF_BUFG                                                      | cpu/execute/ALU32BitFast/setup/SHLResInt[0][31]_i_1_n_0 | cpu/rstRegs_reg_n_0_[5][0]_repN_5                     |                5 |             14 |         2.80 |
|  Clk_IBUF_BUFG                                                      | cpu/execute/ALU32BitFast/setup/SHLResInt[4][31]_i_1_n_0 | cpu/rstRegs_reg_n_0_[5][0]_repN_3                     |                5 |             16 |         3.20 |
|  Clk_IBUF_BUFG                                                      |                                                         | cpu/decode_instance/ALUImmReg_reg_17                  |                4 |             17 |         4.25 |
|  clockReg_reg[0]                                                    |                                                         |                                                       |                5 |             17 |         3.40 |
|  Clk_IBUF_BUFG                                                      |                                                         | cpu/rstRegs_reg_n_0_[5][0]_repN                       |                5 |             19 |         3.80 |
|  Clk_IBUF_BUFG                                                      | cpu/writeback_instance/WriteRegister_reg[0]_0[0]        | cpu/rstRegs_reg_n_0_[5][0]_repN                       |               12 |             23 |         1.92 |
|  Clk_IBUF_BUFG                                                      | cpu/execute/ALU32BitFast/setup/SHLResInt[3][31]_i_1_n_0 | cpu/rstRegs_reg_n_0_[5][0]_repN_3                     |                8 |             24 |         3.00 |
|  Clk_IBUF_BUFG                                                      |                                                         | cpu/memory/datamemory/Parse1Unit/Q[0]                 |                6 |             24 |         4.00 |
|  Clk_IBUF_BUFG                                                      | cpu/writeback_instance/WriteRegister_reg[3]_5[0]        | cpu/rstRegs_reg_n_0_[5][0]_repN                       |               15 |             26 |         1.73 |
|  Clk_IBUF_BUFG                                                      | cpu/writeback_instance/WriteRegister_reg[3]_2[0]        | cpu/rstRegs_reg_n_0_[5][0]_repN                       |               10 |             27 |         2.70 |
|  Clk_IBUF_BUFG                                                      | cpu/writeback_instance/WriteRegister_reg[2]_3[0]        | cpu/rstRegs_reg_n_0_[5][0]_repN                       |               17 |             27 |         1.59 |
|  Clk_IBUF_BUFG                                                      | cpu/execute/ALU32BitFast/setup/SHLResInt[2][31]_i_1_n_0 | cpu/rstRegs_reg_n_0_[5][0]_repN_3                     |                8 |             29 |         3.62 |
|  Clk_IBUF_BUFG                                                      | cpu/execute/ALU32BitFast/setup/SHLResInt[1][31]_i_1_n_0 | cpu/rstRegs_reg_n_0_[5][0]_repN_3                     |                8 |             30 |         3.75 |
|  Clk_IBUF_BUFG                                                      | cpu/writeback_instance/WriteRegister_reg[4]_1[0]        |                                                       |                6 |             32 |         5.33 |
|  Clk_IBUF_BUFG                                                      | cpu/writeback_instance/WriteRegister_reg[3]_13[0]       |                                                       |               11 |             32 |         2.91 |
|  Clk_IBUF_BUFG                                                      | cpu/writeback_instance/WriteRegister_reg[3]_6[0]        |                                                       |                7 |             32 |         4.57 |
|  Clk_IBUF_BUFG                                                      | cpu/writeback_instance/WriteRegister_reg[3]_1[0]        |                                                       |                6 |             32 |         5.33 |
|  Clk_IBUF_BUFG                                                      | cpu/writeback_instance/WriteRegister_reg[4]_2[0]        |                                                       |                6 |             32 |         5.33 |
|  Clk_IBUF_BUFG                                                      | cpu/writeback_instance/WriteRegister_reg[3]_14[0]       |                                                       |                7 |             32 |         4.57 |
|  Clk_IBUF_BUFG                                                      | cpu/writeback_instance/WriteRegister_reg[1]_0[0]        |                                                       |                4 |             32 |         8.00 |
|  Clk_IBUF_BUFG                                                      | cpu/writeback_instance/WriteRegister_reg[0]_1[0]        |                                                       |                8 |             32 |         4.00 |
|  Clk_IBUF_BUFG                                                      | cpu/writeback_instance/WriteRegister_reg[1]_1[0]        |                                                       |               10 |             32 |         3.20 |
|  Clk_IBUF_BUFG                                                      | cpu/writeback_instance/WriteRegister_reg[1]_2[0]        |                                                       |                7 |             32 |         4.57 |
|  Clk_IBUF_BUFG                                                      | cpu/writeback_instance/WriteRegister_reg[2]_0[0]        |                                                       |                7 |             32 |         4.57 |
|  Clk_IBUF_BUFG                                                      | cpu/writeback_instance/WriteRegister_reg[2]_1[0]        |                                                       |                6 |             32 |         5.33 |
|  Clk_IBUF_BUFG                                                      | cpu/writeback_instance/WriteRegister_reg[2]_2[0]        |                                                       |                5 |             32 |         6.40 |
|  Clk_IBUF_BUFG                                                      | cpu/writeback_instance/WriteRegister_reg[2]_4[0]        |                                                       |                6 |             32 |         5.33 |
|  Clk_IBUF_BUFG                                                      | cpu/writeback_instance/WriteRegister_reg[2]_5[0]        |                                                       |                7 |             32 |         4.57 |
|  Clk_IBUF_BUFG                                                      | cpu/writeback_instance/WriteRegister_reg[3]_0[0]        |                                                       |                6 |             32 |         5.33 |
|  Clk_IBUF_BUFG                                                      | cpu/writeback_instance/WriteRegister_reg[0]_2[0]        |                                                       |               10 |             32 |         3.20 |
|  Clk_IBUF_BUFG                                                      | cpu/writeback_instance/WriteRegister_reg[3]_9[0]        |                                                       |                8 |             32 |         4.00 |
|  Clk_IBUF_BUFG                                                      | cpu/writeback_instance/WriteRegister_reg[3]_12[0]       |                                                       |                5 |             32 |         6.40 |
|  Clk_IBUF_BUFG                                                      | cpu/writeback_instance/WriteRegister_reg[3]_15[0]       |                                                       |                6 |             32 |         5.33 |
|  Clk_IBUF_BUFG                                                      | cpu/writeback_instance/WriteRegister_reg[3]_7[0]        |                                                       |                7 |             32 |         4.57 |
|  Clk_IBUF_BUFG                                                      | cpu/writeback_instance/WriteRegister_reg[3]_8[0]        |                                                       |                5 |             32 |         6.40 |
|  Clk_IBUF_BUFG                                                      | cpu/writeback_instance/WriteRegister_reg[3]_4[0]        |                                                       |                5 |             32 |         6.40 |
|  Clk_IBUF_BUFG                                                      | cpu/writeback_instance/WriteRegister_reg[1]_3[0]        |                                                       |                6 |             32 |         5.33 |
|  Clk_IBUF_BUFG                                                      | cpu/writeback_instance/WriteRegister_reg[3]_11[0]       |                                                       |                8 |             32 |         4.00 |
|  Clk_IBUF_BUFG                                                      | cpu/writeback_instance/WriteRegister_reg[4]_0[0]        |                                                       |                5 |             32 |         6.40 |
|  Clk_IBUF_BUFG                                                      | cpu/writeback_instance/WriteRegister_reg[3]_10[0]       |                                                       |               10 |             32 |         3.20 |
|  Clk_IBUF_BUFG                                                      | cpu/writeback_instance/WriteRegister_reg[3]_3[0]        |                                                       |                8 |             32 |         4.00 |
|  Clk_IBUF_BUFG                                                      | cpu/execute/ALU32BitFast/setup/SHLResInt[0][31]_i_1_n_0 | cpu/rstRegs_reg_n_0_[5][0]_repN_3                     |                8 |             33 |         4.12 |
|  Clk_IBUF_BUFG                                                      |                                                         | cpu/memory/NextInstrAddress                           |                8 |             37 |         4.62 |
|  Clk_IBUF_BUFG                                                      |                                                         | cpu/rstRegs_reg_n_0_[5][0]_repN_3                     |               13 |             54 |         4.15 |
|  decode_instance/RegReadWire                                        |                                                         |                                                       |               23 |             64 |         2.78 |
|  Clk_IBUF_BUFG                                                      |                                                         | cpu/rstRegs_reg_n_0_[5][0]_repN_5                     |               25 |            125 |         5.00 |
|  Clk_IBUF_BUFG                                                      |                                                         | cpu/rstRegs_reg_n_0_[5][0]_repN_4                     |               33 |            130 |         3.94 |
|  Clk_IBUF_BUFG                                                      |                                                         | cpu/rstRegs_reg_n_0_[5][0]                            |               30 |            153 |         5.10 |
|  Clk_IBUF_BUFG                                                      |                                                         | cpu/rstRegs_reg_n_0_[5][0]_repN_2                     |               44 |            161 |         3.66 |
|  Clk_IBUF_BUFG                                                      |                                                         | cpu/rstRegs_reg_n_0_[5][0]_repN_1                     |               40 |            170 |         4.25 |
|  Clk_IBUF_BUFG                                                      |                                                         |                                                       |              287 |           1336 |         4.66 |
+---------------------------------------------------------------------+---------------------------------------------------------+-------------------------------------------------------+------------------+----------------+--------------+


